// Jest Snapshot v1, https://goo.gl/fbAQLP

exports[`Inbox.vue renders correctly 1`] = `
<div>
  <mailtoolbar-stub />
   
  <ul
    class="c-messages"
  >
    <inboxmessage-stub
      date="Today, 3:47 PM"
      description="Lorem ipsum dolor sit amet, consectetur adipisicing elit, sed do eiusmod tempor incididunt ut labore et dolore magna aliqua. Ut enim ad minim veniam, quis nostrud exercitation ullamco laboris nisi ut aliquip ex ea commodo consequat. Duis aute irure dolor in reprehenderit in voluptate velit esse cillum dolore eu fugiat nulla pariatur."
      from="Lukasz Holeczek"
      title="Lorem ipsum dolor sit amet."
    />
     
    <inboxmessage-stub
      date="Today, 3:47 PM"
      description="Lorem ipsum dolor sit amet, consectetur adipisicing elit, sed do eiusmod tempor incididunt ut labore et dolore magna aliqua. Ut enim ad minim veniam, quis nostrud exercitation ullamco laboris nisi ut aliquip ex ea commodo consequat. Duis aute irure dolor in reprehenderit in voluptate velit esse cillum dolore eu fugiat nulla pariatur."
      from="Lukasz Holeczek"
      read="true"
      title="Lorem ipsum dolor sit amet."
    />
     
    <inboxmessage-stub
      date="Today, 3:47 PM"
      description="Lorem ipsum dolor sit amet, consectetur adipisicing elit, sed do eiusmod tempor incididunt ut labore et dolore magna aliqua. Ut enim ad minim veniam, quis nostrud exercitation ullamco laboris nisi ut aliquip ex ea commodo consequat. Duis aute irure dolor in reprehenderit in voluptate velit esse cillum dolore eu fugiat nulla pariatur."
      from="Lukasz Holeczek"
      read="true"
      title="Lorem ipsum dolor sit amet."
    />
     
    <inboxmessage-stub
      date="Today, 3:47 PM"
      description="Lorem ipsum dolor sit amet, consectetur adipisicing elit, sed do eiusmod tempor incididunt ut labore et dolore magna aliqua. Ut enim ad minim veniam, quis nostrud exercitation ullamco laboris nisi ut aliquip ex ea commodo consequat. Duis aute irure dolor in reprehenderit in voluptate velit esse cillum dolore eu fugiat nulla pariatur."
      from="Lukasz Holeczek"
      title="Lorem ipsum dolor sit amet."
    />
     
    <inboxmessage-stub
      date="Today, 3:47 PM"
      description="Lorem ipsum dolor sit amet, consectetur adipisicing elit, sed do eiusmod tempor incididunt ut labore et dolore magna aliqua. Ut enim ad minim veniam, quis nostrud exercitation ullamco laboris nisi ut aliquip ex ea commodo consequat. Duis aute irure dolor in reprehenderit in voluptate velit esse cillum dolore eu fugiat nulla pariatur."
      from="Lukasz Holeczek"
      read="true"
      title="Lorem ipsum dolor sit amet."
    />
     
    <inboxmessage-stub
      date="Today, 3:47 PM"
      description="Lorem ipsum dolor sit amet, consectetur adipisicing elit, sed do eiusmod tempor incididunt ut labore et dolore magna aliqua. Ut enim ad minim veniam, quis nostrud exercitation ullamco laboris nisi ut aliquip ex ea commodo consequat. Duis aute irure dolor in reprehenderit in voluptate velit esse cillum dolore eu fugiat nulla pariatur."
      from="Lukasz Holeczek"
      title="Lorem ipsum dolor sit amet."
    />
     
    <inboxmessage-stub
      date="Today, 3:47 PM"
      description="Lorem ipsum dolor sit amet, consectetur adipisicing elit, sed do eiusmod tempor incididunt ut labore et dolore magna aliqua. Ut enim ad minim veniam, quis nostrud exercitation ullamco laboris nisi ut aliquip ex ea commodo consequat. Duis aute irure dolor in reprehenderit in voluptate velit esse cillum dolore eu fugiat nulla pariatur."
      from="Lukasz Holeczek"
      read="true"
      title="Lorem ipsum dolor sit amet."
    />
     
    <inboxmessage-stub
      date="Today, 3:47 PM"
      description="Lorem ipsum dolor sit amet, consectetur adipisicing elit, sed do eiusmod tempor incididunt ut labore et dolore magna aliqua. Ut enim ad minim veniam, quis nostrud exercitation ullamco laboris nisi ut aliquip ex ea commodo consequat. Duis aute irure dolor in reprehenderit in voluptate velit esse cillum dolore eu fugiat nulla pariatur."
      from="Lukasz Holeczek"
      read="true"
      title="Lorem ipsum dolor sit amet."
    />
     
    <inboxmessage-stub
      date="Today, 3:47 PM"
      description="Lorem ipsum dolor sit amet, consectetur adipisicing elit, sed do eiusmod tempor incididunt ut labore et dolore magna aliqua. Ut enim ad minim veniam, quis nostrud exercitation ullamco laboris nisi ut aliquip ex ea commodo consequat. Duis aute irure dolor in reprehenderit in voluptate velit esse cillum dolore eu fugiat nulla pariatur."
      from="Lukasz Holeczek"
      read="true"
      title="Lorem ipsum dolor sit amet."
    />
     
    <inboxmessage-stub
      date="Today, 3:47 PM"
      description="Lorem ipsum dolor sit amet, consectetur adipisicing elit, sed do eiusmod tempor incididunt ut labore et dolore magna aliqua. Ut enim ad minim veniam, quis nostrud exercitation ullamco laboris nisi ut aliquip ex ea commodo consequat. Duis aute irure dolor in reprehenderit in voluptate velit esse cillum dolore eu fugiat nulla pariatur."
      from="Lukasz Holeczek"
      read="true"
      title="Lorem ipsum dolor sit amet."
    />
     
    <inboxmessage-stub
      date="Today, 3:47 PM"
      description="Lorem ipsum dolor sit amet, consectetur adipisicing elit, sed do eiusmod tempor incididunt ut labore et dolore magna aliqua. Ut enim ad minim veniam, quis nostrud exercitation ullamco laboris nisi ut aliquip ex ea commodo consequat. Duis aute irure dolor in reprehenderit in voluptate velit esse cillum dolore eu fugiat nulla pariatur."
      from="Lukasz Holeczek"
      read="true"
      title="Lorem ipsum dolor sit amet."
    />
     
    <inboxmessage-stub
      date="Today, 3:47 PM"
      description="Lorem ipsum dolor sit amet, consectetur adipisicing elit, sed do eiusmod tempor incididunt ut labore et dolore magna aliqua. Ut enim ad minim veniam, quis nostrud exercitation ullamco laboris nisi ut aliquip ex ea commodo consequat. Duis aute irure dolor in reprehenderit in voluptate velit esse cillum dolore eu fugiat nulla pariatur."
      from="Lukasz Holeczek"
      title="Lorem ipsum dolor sit amet."
    />
     
    <inboxmessage-stub
      date="Today, 3:47 PM"
      description="Lorem ipsum dolor sit amet, consectetur adipisicing elit, sed do eiusmod tempor incididunt ut labore et dolore magna aliqua. Ut enim ad minim veniam, quis nostrud exercitation ullamco laboris nisi ut aliquip ex ea commodo consequat. Duis aute irure dolor in reprehenderit in voluptate velit esse cillum dolore eu fugiat nulla pariatur."
      from="Lukasz Holeczek"
      read="true"
      title="Lorem ipsum dolor sit amet."
    />
  </ul>
</div>
`;
